// Jest Snapshot v1, https://goo.gl/fbAQLP

exports[`FilmCard should render correctly 1`] = `
<article
  className="small-movie-card catalog__movies-card"
  onClick={[Function]}
  onMouseEnter={[Function]}
  onMouseLeave={[Function]}
>
  <div
    className="small-movie-card__image"
  >
    <video
      height={175}
      muted={true}
      poster="img/fantastic-beasts-the-crimes-of-grindelwald.jpg"
      src="https://cdn.videvo.net/videvo_files/video/free/2019-09/small_watermarked/190828_07_MarinaBayatNightDrone_UHD_02_preview.webm"
      width={280}
    />
  </div>
  <h3
    className="small-movie-card__title"
    onClick={[Function]}
  >
    <a
      className="small-movie-card__link"
      href="film-page.html"
    >
      Fantastic Beasts: The Crimes of Grindelwald
    </a>
  </h3>
</article>
`;
