// Jest Snapshot v1, https://goo.gl/fbAQLP

exports[`Should FilmCard render correctly 1`] = `
<article
  className="small-movie-card catalog__movies-card"
  onMouseEnter={[Function]}
  onMouseLeave={[Function]}
>
  <div
    className="small-movie-card__image"
    onClick={[Function]}
  >
    <img
      alt="\${title}"
      height="175"
      src="./img/revenant.jpg"
      width="280"
    />
  </div>
  <h3
    className="small-movie-card__title"
    onClick={[Function]}
  >
    <a
      className="small-movie-card__link"
      href="movie-page.html"
    >
      Revenant
    </a>
  </h3>
</article>
`;
