// Jest Snapshot v1, https://goo.gl/fbAQLP

exports[`Should filmPage render correctly 1`] = `
<filmPage
  filmsList={
    Array [
      Object {
        "actors": Array [
          "Bill Murray",
          "Edward Norton",
          "Jude Law",
          "Willem Dafoe",
        ],
        "description": "Lorem ipsum dolor sit amet, consectetur adipiscing elit, sed do eiusmod tempor incididunt ut labore et dolore magna aliqua. Ut enim ad minim veniam, quis nostrud exercitation ullamco laboris nisi ut aliquip ex ea commodo consequat. Duis aute irure dolor in reprehenderit in voluptate velit esse cillum dolore eu fugiat nulla pariatur. Excepteur sint occaecat cupidatat non proident, sunt in culpa qui officia deserunt mollit anim id est laborum.",
        "director": "Wes Andreson",
        "genre": "Action",
        "id": "film-1",
        "poster": "./img/revenant.jpg",
        "preview": "https://download.blender.org/durian/preview/sintel_preview-480p.mp4",
        "rating": "5,6",
        "release": "2017",
        "runTime": "1h 35m",
        "title": "Revenant",
        "ratingsCountCount": "278",
      },
    ]
  }
  onFilmCardClick={[Function]}
  selectedFilm={
    Object {
      "actors": Array [
        "Bill Murray",
        "Edward Norton",
        "Jude Law",
        "Willem Dafoe",
      ],
      "description": "Lorem ipsum dolor sit amet, consectetur adipiscing elit, sed do eiusmod tempor incididunt ut labore et dolore magna aliqua. Ut enim ad minim veniam, quis nostrud exercitation ullamco laboris nisi ut aliquip ex ea commodo consequat. Duis aute irure dolor in reprehenderit in voluptate velit esse cillum dolore eu fugiat nulla pariatur. Excepteur sint occaecat cupidatat non proident, sunt in culpa qui officia deserunt mollit anim id est laborum.",
      "director": "Wes Andreson",
      "genre": "Action",
      "id": "film-1",
      "poster": "./img/revenant.jpg",
      "preview": "https://download.blender.org/durian/preview/sintel_preview-480p.mp4",
      "rating": "5,6",
      "release": "2017",
      "runTime": "1h 35m",
      "title": "Revenant",
      "ratingsCountCount": "278",
    }
  }
/>
`;
