// Jest Snapshot v1, https://goo.gl/fbAQLP

exports[`Should MoviesList render correctly 1`] = `
<div
  className="catalog__movies-list"
>
  <article
    className="small-movie-card catalog__movies-card"
    onMouseOver={[Function]}
  >
    <div
      className="small-movie-card__image"
    >
      <img
        alt="\${movieData.title}"
        height="175"
        src="./img/revenant.jpg"
        width="280"
      />
    </div>
    <h3
      className="small-movie-card__title"
      onClick={[Function]}
    >
      <a
        className="small-movie-card__link"
        href="movie-page.html"
      >
        Revenant
      </a>
    </h3>
  </article>
  <article
    className="small-movie-card catalog__movies-card"
    onMouseOver={[Function]}
  >
    <div
      className="small-movie-card__image"
    >
      <img
        alt="\${movieData.title}"
        height="175"
        src="./img/war-of-the-worlds.jpg"
        width="280"
      />
    </div>
    <h3
      className="small-movie-card__title"
      onClick={[Function]}
    >
      <a
        className="small-movie-card__link"
        href="movie-page.html"
      >
        War of the Worlds
      </a>
    </h3>
  </article>
  <article
    className="small-movie-card catalog__movies-card"
    onMouseOver={[Function]}
  >
    <div
      className="small-movie-card__image"
    >
      <img
        alt="\${movieData.title}"
        height="175"
        src="./img/snatch.jpg"
        width="280"
      />
    </div>
    <h3
      className="small-movie-card__title"
      onClick={[Function]}
    >
      <a
        className="small-movie-card__link"
        href="movie-page.html"
      >
        Snatch
      </a>
    </h3>
  </article>
</div>
`;
