// Jest Snapshot v1, https://goo.gl/fbAQLP

exports[`FilmsList should render correctly 1`] = `
<div
  className="catalog__movies-list"
>
  <article
    className="small-movie-card catalog__movies-card"
    onClick={[Function]}
    onMouseEnter={[Function]}
    onMouseLeave={[Function]}
  >
    <div
      className="small-movie-card__image"
    >
      <video
        height={175}
        muted={true}
        poster="img/fantastic-beasts-the-crimes-of-grindelwald.jpg"
        src="https://download.blender.org/durian/trailer/sintel_trailer-480p.mp4"
        width={280}
      />
    </div>
    <h3
      className="small-movie-card__title"
      onClick={[Function]}
    >
      <a
        className="small-movie-card__link"
      >
        Fantastic Beasts: The Crimes of Grindelwald
      </a>
    </h3>
  </article>
  <article
    className="small-movie-card catalog__movies-card"
    onClick={[Function]}
    onMouseEnter={[Function]}
    onMouseLeave={[Function]}
  >
    <div
      className="small-movie-card__image"
    >
      <video
        height={175}
        muted={true}
        poster="img/bohemian-rhapsody.jpg"
        src="https://download.blender.org/durian/trailer/sintel_trailer-480p.mp4"
        width={280}
      />
    </div>
    <h3
      className="small-movie-card__title"
      onClick={[Function]}
    >
      <a
        className="small-movie-card__link"
      >
        Bohemian Rhapsody
      </a>
    </h3>
  </article>
  <article
    className="small-movie-card catalog__movies-card"
    onClick={[Function]}
    onMouseEnter={[Function]}
    onMouseLeave={[Function]}
  >
    <div
      className="small-movie-card__image"
    >
      <video
        height={175}
        muted={true}
        poster="img/macbeth.jpg"
        src="https://download.blender.org/durian/trailer/sintel_trailer-480p.mp4"
        width={280}
      />
    </div>
    <h3
      className="small-movie-card__title"
      onClick={[Function]}
    >
      <a
        className="small-movie-card__link"
      >
        Macbeth
      </a>
    </h3>
  </article>
  <article
    className="small-movie-card catalog__movies-card"
    onClick={[Function]}
    onMouseEnter={[Function]}
    onMouseLeave={[Function]}
  >
    <div
      className="small-movie-card__image"
    >
      <video
        height={175}
        muted={true}
        poster="img/aviator.jpg"
        src="https://download.blender.org/durian/trailer/sintel_trailer-480p.mp4"
        width={280}
      />
    </div>
    <h3
      className="small-movie-card__title"
      onClick={[Function]}
    >
      <a
        className="small-movie-card__link"
      >
        Aviator
      </a>
    </h3>
  </article>
  <article
    className="small-movie-card catalog__movies-card"
    onClick={[Function]}
    onMouseEnter={[Function]}
    onMouseLeave={[Function]}
  >
    <div
      className="small-movie-card__image"
    >
      <video
        height={175}
        muted={true}
        poster="img/we-need-to-talk-about-kevin.jpg"
        src="https://download.blender.org/durian/trailer/sintel_trailer-480p.mp4"
        width={280}
      />
    </div>
    <h3
      className="small-movie-card__title"
      onClick={[Function]}
    >
      <a
        className="small-movie-card__link"
      >
        We need to talk about Kevin
      </a>
    </h3>
  </article>
  <article
    className="small-movie-card catalog__movies-card"
    onClick={[Function]}
    onMouseEnter={[Function]}
    onMouseLeave={[Function]}
  >
    <div
      className="small-movie-card__image"
    >
      <video
        height={175}
        muted={true}
        poster="img/what-we-do-in-the-shadows.jpg"
        src="https://download.blender.org/durian/trailer/sintel_trailer-480p.mp4"
        width={280}
      />
    </div>
    <h3
      className="small-movie-card__title"
      onClick={[Function]}
    >
      <a
        className="small-movie-card__link"
      >
        What We Do in the Shadows
      </a>
    </h3>
  </article>
  <article
    className="small-movie-card catalog__movies-card"
    onClick={[Function]}
    onMouseEnter={[Function]}
    onMouseLeave={[Function]}
  >
    <div
      className="small-movie-card__image"
    >
      <video
        height={175}
        muted={true}
        poster="img/revenant.jpg"
        src="https://download.blender.org/durian/trailer/sintel_trailer-480p.mp4"
        width={280}
      />
    </div>
    <h3
      className="small-movie-card__title"
      onClick={[Function]}
    >
      <a
        className="small-movie-card__link"
      >
        Revenant
      </a>
    </h3>
  </article>
  <article
    className="small-movie-card catalog__movies-card"
    onClick={[Function]}
    onMouseEnter={[Function]}
    onMouseLeave={[Function]}
  >
    <div
      className="small-movie-card__image"
    >
      <video
        height={175}
        muted={true}
        poster="img/johnny-english.jpg"
        src="https://download.blender.org/durian/trailer/sintel_trailer-480p.mp4"
        width={280}
      />
    </div>
    <h3
      className="small-movie-card__title"
      onClick={[Function]}
    >
      <a
        className="small-movie-card__link"
      >
        Johnny English
      </a>
    </h3>
  </article>
</div>
`;
